==========================================
NC-Kinetix Portable Build
==========================================

Using CMake: D:\Document\NC-Kinetix\cmake_folder\bin\cmake.exe
Using MinGW: D:\Document\NC-Kinetix\tools\mingw64\bin

[Step 1/3] Configuring project...
-- Populating glfw
-- Configuring done (0.1s)
-- Generating done (0.1s)
-- Build files have been written to: D:/Document/NC-Kinetix/build/_deps/glfw-subbuild
[ 11%] Performing update step for 'glfw-populate'
-- Already at requested tag: 3.3.8
[ 22%] No patch step for 'glfw-populate'
[ 33%] No configure step for 'glfw-populate'
[ 44%] No build step for 'glfw-populate'
[ 55%] No install step for 'glfw-populate'
[ 66%] No test step for 'glfw-populate'
[ 77%] Completed 'glfw-populate'
[100%] Built target glfw-populate
-- Using Win32 for window creation
-- Populating glm
-- Configuring done (0.1s)
-- Generating done (0.1s)
-- Build files have been written to: D:/Document/NC-Kinetix/build/_deps/glm-subbuild
[ 11%] Performing update step for 'glm-populate'
-- Fetching latest from the remote origin
[ 22%] No patch step for 'glm-populate'
[ 33%] No configure step for 'glm-populate'
[ 44%] No build step for 'glm-populate'
[ 55%] No install step for 'glm-populate'
[ 66%] No test step for 'glm-populate'
[ 77%] Completed 'glm-populate'
[100%] Built target glm-populate
-- GLM: Version 1.1.0
-- GLM: Build with C++ features auto detection
-- Populating json
-- Configuring done (0.1s)
-- Generating done (0.1s)
-- Build files have been written to: D:/Document/NC-Kinetix/build/_deps/json-subbuild
[ 11%] Performing update step for 'json-populate'
-- Already at requested tag: v3.11.3
[ 22%] No patch step for 'json-populate'
[ 33%] No configure step for 'json-populate'
[ 44%] No build step for 'json-populate'
[ 55%] No install step for 'json-populate'
[ 66%] No test step for 'json-populate'
[ 77%] Completed 'json-populate'
[100%] Built target json-populate
-- Using the multi-header code from D:/Document/NC-Kinetix/build/_deps/json-src/include/
-- Populating freetype
-- Configuring done (0.1s)
-- Generating done (0.1s)
-- Build files have been written to: D:/Document/NC-Kinetix/build/_deps/freetype-subbuild
[ 11%] Performing update step for 'freetype-populate'
-- Fetching latest from the remote origin
[ 22%] No patch step for 'freetype-populate'
[ 33%] No configure step for 'freetype-populate'
[ 44%] No build step for 'freetype-populate'
[ 55%] No install step for 'freetype-populate'
[ 66%] No test step for 'freetype-populate'
[ 77%] Completed 'freetype-populate'
[100%] Built target freetype-populate
-- Could NOT find PkgConfig (missing: PKG_CONFIG_EXECUTABLE) 
-- ===========================================
-- NC-Kinetix - Portable Build Configuration
-- ===========================================
-- Build directory: D:/Document/NC-Kinetix/build
-- Dependencies:    D:/Document/NC-Kinetix/build/_deps/
-- Install prefix:  D:/Document/NC-Kinetix/install
-- ===========================================
-- Configuring done (16.4s)
-- Generating done (0.8s)
-- Build files have been written to: D:/Document/NC-Kinetix/build

[Step 2/3] Building project...
[ 57%] Built target freetype
[ 77%] Built target glfw
[ 80%] Built target glm
[ 81%] Building CXX object CMakeFiles/nc-kinetix.dir/src/data/ProjectLoader.cpp.obj
In file included from D:\Document\NC-Kinetix\src\data\ProjectLoader.cpp:8:
D:/Document/NC-Kinetix/include/nc/utils/StringUtils.h: In function 'nc::utils::Codepoint nc::utils::decodeUTF8(const char*)':
D:/Document/NC-Kinetix/include/nc/utils/StringUtils.h:19:40: warning: narrowing conversion of '((((int)(((unsigned char)((int)c)) & 31)) << 6) | ((int)(((signed char)((int)(*(ptr + 1)))) & 63)))' from 'int' to 'uint32_t' {aka 'unsigned int'} [-Wnarrowing]
   19 |             return { ((c & 0x1F) << 6) | (ptr[1] & 0x3F), 2 };
      |                      ~~~~~~~~~~~~~~~~~~^~~~~~~~~~~~~~~~~
D:/Document/NC-Kinetix/include/nc/utils/StringUtils.h:21:66: warning: narrowing conversion of '(((((int)(((unsigned char)((int)c)) & 15)) << 12) | (((int)(((signed char)((int)(*(ptr + 1)))) & 63)) << 6)) | ((int)(((signed char)((int)(*(ptr + 2)))) & 63)))' from 'int' to 'uint32_t' {aka 'unsigned int'} [-Wnarrowing]
   21 |             return { ((c & 0x0F) << 12) | ((ptr[1] & 0x3F) << 6) | (ptr[2] & 0x3F), 3 };
      |                      ~~~~~~~~~~~~~~~~~~~~~~~~~~~~~~~~~~~~~~~~~~~~^~~~~~~~~~~~~~~~~
D:/Document/NC-Kinetix/include/nc/utils/StringUtils.h:23:92: warning: narrowing conversion of '((((((int)(((unsigned char)((int)c)) & 7)) << 18) | (((int)(((signed char)((int)(*(ptr + 1)))) & 63)) << 12)) | (((int)(((signed char)((int)(*(ptr + 2)))) & 63)) << 6)) | ((int)(((signed char)((int)(*(ptr + 3)))) & 63)))' from 'int' to 'uint32_t' {aka 'unsigned int'} [-Wnarrowing]
   23 |             return { ((c & 0x07) << 18) | ((ptr[1] & 0x3F) << 12) | ((ptr[2] & 0x3F) << 6) | (ptr[3] & 0x3F), 4 };
      |                      ~~~~~~~~~~~~~~~~~~~~~~~~~~~~~~~~~~~~~~~~~~~~~~~~~~~~~~~~~~~~~~~~~~~~~~^~~~~~~~~~~~~~~~~
D:\Document\NC-Kinetix\src\data\ProjectLoader.cpp: In member function 'std::shared_ptr<nc::scene::SceneNode> nc::data::ProjectLoader::createNodeFromJSON(const nlohmann::json_abi_v3_11_3::json&, nc::render::TextRenderer*)':
D:\Document\NC-Kinetix\src\data\ProjectLoader.cpp:156:41: error: 'using std::__shared_ptr_access<nc::scene::TextNode, __gnu_cxx::_S_atomic, false, false>::element_type = class nc::scene::TextNode' {aka 'class nc::scene::TextNode'} has no member named 'getName'
  156 |                     m_nodeMap[charNode->getName()] = charNode;
      |                                         ^~~~~~~
mingw32-make[2]: *** [CMakeFiles\nc-kinetix.dir\build.make:124: CMakeFiles/nc-kinetix.dir/src/data/ProjectLoader.cpp.obj] Error 1
mingw32-make[1]: *** [CMakeFiles\Makefile2:218: CMakeFiles/nc-kinetix.dir/all] Error 2
mingw32-make: *** [Makefile:155: all] Error 2
ERROR: Build failed
Press any key to continue . . . 
Terminate batch job (Y/N)? 
